rules:

- action: WARN
  from:
  - foo:bar
  to:
  - baz:bop
  scope: compile
